// Jest Snapshot v1, https://goo.gl/fbAQLP

exports[`Deleter tests Deleter matches the snapshot 1`] = `
<button
  onClick={[Function]}
>
  Remove
</button>
`;
