// Jest Snapshot v1, https://goo.gl/fbAQLP

exports[`Voter tests Voter matches the snapshot 1`] = `
<span>
  <button
    onClick={[Function]}
  >
    UPVOTE
  </button>
  <button
    onClick={[Function]}
  >
    DOWNVOTE
  </button>
</span>
`;
